%!Adobe-FontList 1.16
%Locale:0x419

%BeginFont
Handler:DirectoryHandler
FontType:Invalid
OutlineFileName:C:\Users\Valera.DESKTOP-EEC6C0G\Desktop\Games\МиркоМир\MirkoMir\Assets\Font\RotondaC-Bold.eot
FileModTime:1606303738
%EndFont

%BeginFont
Handler:DirectoryHandler
FontType:Type1
FontName:RotondaC-Bold
FamilyName:RotondaC
StyleName:Bold
FullName:RotondaC Bold
MenuName:RotondaC
StyleBits:2
FamilyNameNative:
StyleNameNative:Bold
FullNameNative:
WritingScript:Cyrillic
OutlineFileName:C:\Users\Valera.DESKTOP-EEC6C0G\Desktop\Games\МиркоМир\MirkoMir\Assets\Font\RotondaC-Bold.otf
DataFormat:sfntData
UsesStandardEncoding:no
isCFF:yes
FileLength:20392
FileModTime:1599400405
WeightClass:700
WidthClass:5
AngleClass:0
NameArray:0,Mac,4,RotondaC Bold
NameArray:0,Win,1,RotondaC
%EndFont

%BeginFont
Handler:DirectoryHandler
FontType:Type1
FontName:RotondaC-Bold
FamilyName:RotondaC
StyleName:Bold
FullName:RotondaC Bold
MenuName:RotondaC
StyleBits:2
FamilyNameNative:
StyleNameNative:Bold
FullNameNative:
WritingScript:Cyrillic
OutlineFileName:C:\Users\Valera.DESKTOP-EEC6C0G\Desktop\Games\МиркоМир\MirkoMir\Assets\Font\RotondaC-Bold.svg
DataFormat:sfntData
UsesStandardEncoding:no
isCFF:yes
FileLength:20392
FileModTime:1606303738
WeightClass:700
WidthClass:5
AngleClass:0
NameArray:0,Mac,4,RotondaC Bold
NameArray:0,Win,1,RotondaC
%EndFont

%BeginFont
Handler:DirectoryHandler
FontType:TrueType
FontName:RotondaC-Bold
FamilyName:RotondaC
StyleName:Bold
FullName:RotondaC-Bold
MenuName:RotondaC
StyleBits:2
FamilyNameNative:
StyleNameNative:Bold
FullNameNative:
WritingScript:Cyrillic
OutlineFileName:C:\Users\Valera.DESKTOP-EEC6C0G\Desktop\Games\МиркоМир\MirkoMir\Assets\Font\RotondaC-Bold.ttf
DataFormat:sfntData
FileLength:29204
FileModTime:1606303738
WeightClass:700
WidthClass:5
AngleClass:0
NameArray:0,Mac,4,RotondaC-Bold
NameArray:0,Win,1,RotondaC
%EndFont

%BeginFont
Handler:DirectoryHandler
FontType:Invalid
OutlineFileName:C:\Users\Valera.DESKTOP-EEC6C0G\Desktop\Games\МиркоМир\MirkoMir\Assets\Font\RotondaC-Bold.woff
FileModTime:1606303738
%EndFont

%BeginFont
Handler:DirectoryHandler
FontType:Invalid
OutlineFileName:C:\Users\Valera.DESKTOP-EEC6C0G\Desktop\Games\МиркоМир\MirkoMir\Assets\Font\RotondaC.eot
FileModTime:1606303722
%EndFont

%BeginFont
Handler:DirectoryHandler
FontType:Type1
FontName:RotondaC
FamilyName:RotondaC
StyleName:Regular
FullName:RotondaC
MenuName:RotondaC
StyleBits:0
FamilyNameNative:
StyleNameNative:Regular
FullNameNative:
WritingScript:Cyrillic
OutlineFileName:C:\Users\Valera.DESKTOP-EEC6C0G\Desktop\Games\МиркоМир\MirkoMir\Assets\Font\RotondaC.otf
DataFormat:sfntData
UsesStandardEncoding:no
isCFF:yes
FileLength:20536
FileModTime:1599400405
WeightClass:400
WidthClass:5
AngleClass:0
NameArray:0,Mac,4,RotondaC
NameArray:0,Win,1,RotondaC
%EndFont

%BeginFont
Handler:DirectoryHandler
FontType:Type1
FontName:RotondaC
FamilyName:RotondaC
StyleName:Regular
FullName:RotondaC
MenuName:RotondaC
StyleBits:0
FamilyNameNative:
StyleNameNative:Regular
FullNameNative:
WritingScript:Cyrillic
OutlineFileName:C:\Users\Valera.DESKTOP-EEC6C0G\Desktop\Games\МиркоМир\MirkoMir\Assets\Font\RotondaC.svg
DataFormat:sfntData
UsesStandardEncoding:no
isCFF:yes
FileLength:20536
FileModTime:1606303722
WeightClass:400
WidthClass:5
AngleClass:0
NameArray:0,Mac,4,RotondaC
NameArray:0,Win,1,RotondaC
%EndFont

%BeginFont
Handler:DirectoryHandler
FontType:TrueType
FontName:RotondaC
FamilyName:RotondaC
StyleName:Regular
FullName:RotondaC
MenuName:RotondaC
StyleBits:0
FamilyNameNative:
StyleNameNative:Regular
FullNameNative:
WritingScript:Cyrillic
OutlineFileName:C:\Users\Valera.DESKTOP-EEC6C0G\Desktop\Games\МиркоМир\MirkoMir\Assets\Font\RotondaC.ttf
DataFormat:sfntData
FileLength:28952
FileModTime:1606303722
WeightClass:400
WidthClass:5
AngleClass:0
NameArray:0,Mac,4,RotondaC
NameArray:0,Win,1,RotondaC
%EndFont

%BeginFont
Handler:DirectoryHandler
FontType:Invalid
OutlineFileName:C:\Users\Valera.DESKTOP-EEC6C0G\Desktop\Games\МиркоМир\MirkoMir\Assets\Font\RotondaC.woff
FileModTime:1606303722
%EndFont

%BeginFont
Handler:DirectoryHandler
FontType:Invalid
OutlineFileName:C:\Users\Valera.DESKTOP-EEC6C0G\Desktop\Games\МиркоМир\MirkoMir\Assets\Font\Tobi-Black.eot
FileModTime:1606305142
%EndFont

%BeginFont
Handler:DirectoryHandler
FontType:Type1
FontName:Tobi-Black
FamilyName:Tobi-Black
StyleName:☞
FullName:Tobi-Black
MenuName:Tobi-Black
StyleBits:2
WritingScript:Roman
OutlineFileName:C:\Users\Valera.DESKTOP-EEC6C0G\Desktop\Games\МиркоМир\MirkoMir\Assets\Font\Tobi-Black.otf
DataFormat:sfntData
UsesStandardEncoding:yes
isCFF:yes
FileLength:133940
FileModTime:1606305144
WeightClass:400
WidthClass:5
AngleClass:0
NameArray:0,Mac,4,Tobi-Black
NameArray:0,Win,1,Tobi-Black
%EndFont

%BeginFont
Handler:DirectoryHandler
FontType:Invalid
OutlineFileName:C:\Users\Valera.DESKTOP-EEC6C0G\Desktop\Games\МиркоМир\MirkoMir\Assets\Font\Tobi-Black.svg
FileModTime:1606305142
%EndFont

%BeginFont
Handler:DirectoryHandler
FontType:TrueType
FontName:Tobi-Black
FamilyName:Tobi-Black
StyleName:☞
FullName:☞Tobi-Black
MenuName:Tobi-Black
StyleBits:2
WritingScript:Roman
OutlineFileName:C:\Users\Valera.DESKTOP-EEC6C0G\Desktop\Games\МиркоМир\MirkoMir\Assets\Font\Tobi-Black.ttf
DataFormat:sfntData
FileLength:72140
FileModTime:1606305144
WeightClass:400
WidthClass:5
AngleClass:0
NameArray:0,Mac,4,Tobi-Black
NameArray:0,Win,1,Tobi-Black
%EndFont

%BeginFont
Handler:DirectoryHandler
FontType:Invalid
OutlineFileName:C:\Users\Valera.DESKTOP-EEC6C0G\Desktop\Games\МиркоМир\MirkoMir\Assets\Font\Tobi-Black.woff
FileModTime:1606305144
%EndFont

%BeginFont
Handler:DirectoryHandler
FontType:Invalid
OutlineFileName:C:\Users\Valera.DESKTOP-EEC6C0G\Desktop\Games\МиркоМир\MirkoMir\Assets\Font\Tobi.eot
FileModTime:1606303678
%EndFont

%BeginFont
Handler:DirectoryHandler
FontType:Type1
FontName:Tobi
FamilyName:Tobi
StyleName:☞
FullName:Tobi
MenuName:Tobi
StyleBits:0
WritingScript:Roman
OutlineFileName:C:\Users\Valera.DESKTOP-EEC6C0G\Desktop\Games\МиркоМир\MirkoMir\Assets\Font\Tobi.otf
DataFormat:sfntData
UsesStandardEncoding:yes
isCFF:yes
FileLength:145480
FileModTime:1606303678
WeightClass:400
WidthClass:5
AngleClass:0
NameArray:0,Mac,4,Tobi
NameArray:0,Win,1,Tobi
%EndFont

%BeginFont
Handler:DirectoryHandler
FontType:Invalid
OutlineFileName:C:\Users\Valera.DESKTOP-EEC6C0G\Desktop\Games\МиркоМир\MirkoMir\Assets\Font\Tobi.svg
FileModTime:1606303678
%EndFont

%BeginFont
Handler:DirectoryHandler
FontType:TrueType
FontName:Tobi
FamilyName:Tobi
StyleName:☞
FullName:☞Tobi
MenuName:Tobi
StyleBits:0
WritingScript:Roman
OutlineFileName:C:\Users\Valera.DESKTOP-EEC6C0G\Desktop\Games\МиркоМир\MirkoMir\Assets\Font\Tobi.ttf
DataFormat:sfntData
FileLength:63652
FileModTime:1573944796
WeightClass:400
WidthClass:5
AngleClass:0
NameArray:0,Mac,4,Tobi
NameArray:0,Win,1,Tobi
%EndFont

%BeginFont
Handler:DirectoryHandler
FontType:Invalid
OutlineFileName:C:\Users\Valera.DESKTOP-EEC6C0G\Desktop\Games\МиркоМир\MirkoMir\Assets\Font\Tobi.woff
FileModTime:1606303678
%EndFont

